
> app@0.1.0 build
> next build

▲ Next.js 16.2.2 (Turbopack)
- Environments: .env.local, .env

  Creating an optimized production build ...
✓ Compiled successfully in 6.0s
  Running TypeScript ...
  Finished TypeScript in 4.1s ...
  Collecting page data using 7 workers ...
  Generating static pages using 7 workers (0/7) ...
⨯ useSearchParams() should be wrapped in a suspense boundary at page "/404". Read more: https://nextjs.org/docs/messages/missing-suspense-with-csr-bailout
    at S (/Users/hellosauri/Projects/CheckIt Accessment/.next/server/chunks/ssr/node_modules_next_0rd0oc-._.js:2:2692)
    at r (/Users/hellosauri/Projects/CheckIt Accessment/.next/server/chunks/ssr/node_modules_next_0rd0oc-._.js:4:6760)
    at /Users/hellosauri/Projects/CheckIt Accessment/.next/server/chunks/ssr/src_00xa~-0._.js:1:10965
    at an (/Users/hellosauri/Projects/CheckIt Accessment/node_modules/next/dist/compiled/next-server/app-page-turbo.runtime.prod.js:2:84267)
    at ai (/Users/hellosauri/Projects/CheckIt Accessment/node_modules/next/dist/compiled/next-server/app-page-turbo.runtime.prod.js:2:86086)
    at ai (/Users/hellosauri/Projects/CheckIt Accessment/node_modules/next/dist/compiled/next-server/app-page-turbo.runtime.prod.js:2:104615)
    at al (/Users/hellosauri/Projects/CheckIt Accessment/node_modules/next/dist/compiled/next-server/app-page-turbo.runtime.prod.js:2:107860)
    at ao (/Users/hellosauri/Projects/CheckIt Accessment/node_modules/next/dist/compiled/next-server/app-page-turbo.runtime.prod.js:2:105275)
    at am (/Users/hellosauri/Projects/CheckIt Accessment/node_modules/next/dist/compiled/next-server/app-page-turbo.runtime.prod.js:2:112789)
    at au (/Users/hellosauri/Projects/CheckIt Accessment/node_modules/next/dist/compiled/next-server/app-page-turbo.runtime.prod.js:2:109892)
Error occurred prerendering page "/_not-found". Read more: https://nextjs.org/docs/messages/prerender-error
Export encountered an error on /_not-found/page: /_not-found, exiting the build.
⨯ Next.js build worker exited with code: 1 and signal: null
